mode: set
github.com/blackbirdworks/gocover-cobertura/cli.go:29.27,31.16 2 1
github.com/blackbirdworks/gocover-cobertura/cli.go:31.16,33.3 1 1
github.com/blackbirdworks/gocover-cobertura/cli.go:34.2,37.16 3 1
github.com/blackbirdworks/gocover-cobertura/cli.go:37.16,39.3 1 1
github.com/blackbirdworks/gocover-cobertura/cli.go:40.2,42.50 2 1
github.com/blackbirdworks/gocover-cobertura/cli.go:42.50,44.3 1 1
github.com/blackbirdworks/gocover-cobertura/cli.go:46.2,46.12 1 1
github.com/blackbirdworks/gocover-cobertura/cli.go:49.50,50.21 1 1
github.com/blackbirdworks/gocover-cobertura/cli.go:50.21,52.3 1 1
github.com/blackbirdworks/gocover-cobertura/cli.go:54.2,54.35 1 1
github.com/blackbirdworks/gocover-cobertura/cli.go:54.35,56.17 2 1
github.com/blackbirdworks/gocover-cobertura/cli.go:56.17,58.4 1 1
github.com/blackbirdworks/gocover-cobertura/cli.go:60.3,60.16 1 1
github.com/blackbirdworks/gocover-cobertura/cli.go:63.2,63.36 1 1
github.com/blackbirdworks/gocover-cobertura/cli.go:66.57,68.16 2 1
github.com/blackbirdworks/gocover-cobertura/cli.go:68.16,70.3 1 1
github.com/blackbirdworks/gocover-cobertura/cli.go:71.2,71.23 1 1
github.com/blackbirdworks/gocover-cobertura/cli.go:71.23,73.3 1 1
github.com/blackbirdworks/gocover-cobertura/cli.go:75.2,76.12 2 1
github.com/blackbirdworks/gocover-cobertura/cli.go:76.12,77.33 1 1
github.com/blackbirdworks/gocover-cobertura/cli.go:77.33,78.31 1 1
github.com/blackbirdworks/gocover-cobertura/cli.go:78.31,80.23 2 1
github.com/blackbirdworks/gocover-cobertura/cli.go:80.23,82.6 1 1
github.com/blackbirdworks/gocover-cobertura/cli.go:83.5,86.23 3 1
github.com/blackbirdworks/gocover-cobertura/cli.go:86.23,88.6 1 1
github.com/blackbirdworks/gocover-cobertura/cli.go:90.5,90.15 1 1
github.com/blackbirdworks/gocover-cobertura/cli.go:92.4,92.25 1 1
github.com/blackbirdworks/gocover-cobertura/cli.go:92.25,93.48 1 1
github.com/blackbirdworks/gocover-cobertura/cli.go:93.48,95.6 1 1
github.com/blackbirdworks/gocover-cobertura/cli.go:96.5,98.11 2 1
github.com/blackbirdworks/gocover-cobertura/cli.go:101.3,101.17 1 1
github.com/blackbirdworks/gocover-cobertura/cli.go:104.2,104.16 1 1
github.com/blackbirdworks/gocover-cobertura/cli.go:107.52,108.39 1 1
github.com/blackbirdworks/gocover-cobertura/cli.go:108.39,110.3 1 1
github.com/blackbirdworks/gocover-cobertura/cli.go:112.2,113.16 2 1
github.com/blackbirdworks/gocover-cobertura/cli.go:113.16,115.3 1 1
github.com/blackbirdworks/gocover-cobertura/cli.go:117.2,117.15 1 1
github.com/blackbirdworks/gocover-cobertura/cli.go:124.37,126.2 1 1
github.com/blackbirdworks/gocover-cobertura/cli.go:129.58,130.38 1 1
github.com/blackbirdworks/gocover-cobertura/cli.go:130.38,132.3 1 1
github.com/blackbirdworks/gocover-cobertura/cli.go:134.2,136.19 3 1
github.com/blackbirdworks/gocover-cobertura/cli.go:136.19,138.3 1 1
github.com/blackbirdworks/gocover-cobertura/cli.go:138.8,140.3 1 1
github.com/blackbirdworks/gocover-cobertura/cli.go:142.2,144.22 3 1
github.com/blackbirdworks/gocover-cobertura/cli.go:144.22,146.3 1 1
github.com/blackbirdworks/gocover-cobertura/cli.go:148.2,148.47 1 1
github.com/blackbirdworks/gocover-cobertura/cli.go:151.70,153.89 2 1
github.com/blackbirdworks/gocover-cobertura/cli.go:153.89,154.21 1 1
github.com/blackbirdworks/gocover-cobertura/cli.go:154.21,155.30 1 1
github.com/blackbirdworks/gocover-cobertura/cli.go:155.30,157.5 1 1
github.com/blackbirdworks/gocover-cobertura/cli.go:159.4,159.18 1 1
github.com/blackbirdworks/gocover-cobertura/cli.go:161.3,161.16 1 1
github.com/blackbirdworks/gocover-cobertura/cli.go:161.16,163.4 1 1
github.com/blackbirdworks/gocover-cobertura/cli.go:165.3,166.21 2 1
github.com/blackbirdworks/gocover-cobertura/cli.go:166.21,168.4 1 1
github.com/blackbirdworks/gocover-cobertura/cli.go:170.3,170.43 1 1
github.com/blackbirdworks/gocover-cobertura/cli.go:170.43,172.4 1 1
github.com/blackbirdworks/gocover-cobertura/cli.go:174.3,174.13 1 1
github.com/blackbirdworks/gocover-cobertura/cli.go:177.2,177.16 1 1
github.com/blackbirdworks/gocover-cobertura/cli.go:177.16,179.3 1 1
github.com/blackbirdworks/gocover-cobertura/cli.go:181.2,181.21 1 1
github.com/blackbirdworks/gocover-cobertura/cli.go:184.55,186.27 2 1
github.com/blackbirdworks/gocover-cobertura/cli.go:186.27,188.3 1 1
github.com/blackbirdworks/gocover-cobertura/cli.go:190.2,190.39 1 1
github.com/blackbirdworks/gocover-cobertura/cli.go:190.39,194.3 2 1
github.com/blackbirdworks/gocover-cobertura/cli.go:196.2,196.14 1 1
github.com/blackbirdworks/gocover-cobertura/cli.go:200.34,205.23 2 1
github.com/blackbirdworks/gocover-cobertura/cli.go:205.24,205.25 0 1
github.com/blackbirdworks/gocover-cobertura/cli.go:207.2,207.16 1 1
github.com/blackbirdworks/gocover-cobertura/cli.go:207.16,209.3 1 0
github.com/blackbirdworks/gocover-cobertura/cli.go:211.2,212.16 2 1
github.com/blackbirdworks/gocover-cobertura/cli.go:212.16,214.3 1 1
github.com/blackbirdworks/gocover-cobertura/cli.go:216.2,216.18 1 1
github.com/blackbirdworks/gocover-cobertura/main.go:5.13,6.45 1 0
github.com/blackbirdworks/gocover-cobertura/main.go:6.45,8.3 1 0
github.com/blackbirdworks/gocover-cobertura/main.go:11.33,12.37 1 1
github.com/blackbirdworks/gocover-cobertura/main.go:12.37,14.3 1 1
github.com/blackbirdworks/gocover-cobertura/main.go:16.2,16.10 1 1
github.com/blackbirdworks/gocover-cobertura/pkg/cobertura/cobertura.go:69.39,70.22 1 1
github.com/blackbirdworks/gocover-cobertura/pkg/cobertura/cobertura.go:70.22,72.3 1 1
github.com/blackbirdworks/gocover-cobertura/pkg/cobertura/cobertura.go:74.2,74.65 1 1
github.com/blackbirdworks/gocover-cobertura/pkg/cobertura/cobertura.go:78.38,80.2 1 1
github.com/blackbirdworks/gocover-cobertura/pkg/cobertura/cobertura.go:83.46,85.30 2 1
github.com/blackbirdworks/gocover-cobertura/pkg/cobertura/cobertura.go:85.30,86.20 1 1
github.com/blackbirdworks/gocover-cobertura/pkg/cobertura/cobertura.go:86.20,88.4 1 1
github.com/blackbirdworks/gocover-cobertura/pkg/cobertura/cobertura.go:91.2,91.25 1 1
github.com/blackbirdworks/gocover-cobertura/pkg/cobertura/cobertura.go:97.65,98.21 1 1
github.com/blackbirdworks/gocover-cobertura/pkg/cobertura/cobertura.go:98.21,100.36 2 1
github.com/blackbirdworks/gocover-cobertura/pkg/cobertura/cobertura.go:100.36,101.28 1 1
github.com/blackbirdworks/gocover-cobertura/pkg/cobertura/cobertura.go:101.28,103.5 1 1
github.com/blackbirdworks/gocover-cobertura/pkg/cobertura/cobertura.go:105.4,105.10 1 1
github.com/blackbirdworks/gocover-cobertura/pkg/cobertura/cobertura.go:108.2,108.64 1 1
github.com/blackbirdworks/gocover-cobertura/pkg/cobertura/cobertura.go:112.40,114.2 1 1
github.com/blackbirdworks/gocover-cobertura/pkg/cobertura/cobertura.go:117.39,119.2 1 1
github.com/blackbirdworks/gocover-cobertura/pkg/cobertura/cobertura.go:122.47,124.2 1 1
github.com/blackbirdworks/gocover-cobertura/pkg/cobertura/cobertura.go:127.38,129.19 2 1
github.com/blackbirdworks/gocover-cobertura/pkg/cobertura/cobertura.go:129.19,131.3 1 0
github.com/blackbirdworks/gocover-cobertura/pkg/cobertura/cobertura.go:133.2,133.62 1 1
github.com/blackbirdworks/gocover-cobertura/pkg/cobertura/cobertura.go:137.37,139.39 2 1
github.com/blackbirdworks/gocover-cobertura/pkg/cobertura/cobertura.go:139.39,141.3 1 1
github.com/blackbirdworks/gocover-cobertura/pkg/cobertura/cobertura.go:143.2,143.17 1 1
github.com/blackbirdworks/gocover-cobertura/pkg/cobertura/cobertura.go:147.45,149.39 2 1
github.com/blackbirdworks/gocover-cobertura/pkg/cobertura/cobertura.go:149.39,151.3 1 1
github.com/blackbirdworks/gocover-cobertura/pkg/cobertura/cobertura.go:153.2,153.25 1 1
github.com/blackbirdworks/gocover-cobertura/pkg/cobertura/cobertura.go:157.38,159.19 2 1
github.com/blackbirdworks/gocover-cobertura/pkg/cobertura/cobertura.go:159.19,161.3 1 1
github.com/blackbirdworks/gocover-cobertura/pkg/cobertura/cobertura.go:163.2,163.60 1 1
github.com/blackbirdworks/gocover-cobertura/pkg/cobertura/cobertura.go:167.37,169.36 2 1
github.com/blackbirdworks/gocover-cobertura/pkg/cobertura/cobertura.go:169.36,171.3 1 1
github.com/blackbirdworks/gocover-cobertura/pkg/cobertura/cobertura.go:173.2,173.17 1 1
github.com/blackbirdworks/gocover-cobertura/pkg/cobertura/cobertura.go:177.45,179.36 2 1
github.com/blackbirdworks/gocover-cobertura/pkg/cobertura/cobertura.go:179.36,181.3 1 1
github.com/blackbirdworks/gocover-cobertura/pkg/cobertura/cobertura.go:183.2,183.25 1 1
github.com/blackbirdworks/gocover-cobertura/pkg/cobertura/cobertura.go:187.40,189.19 2 1
github.com/blackbirdworks/gocover-cobertura/pkg/cobertura/cobertura.go:189.19,191.3 1 1
github.com/blackbirdworks/gocover-cobertura/pkg/cobertura/cobertura.go:193.2,193.60 1 1
github.com/blackbirdworks/gocover-cobertura/pkg/cobertura/cobertura.go:197.39,199.35 2 1
github.com/blackbirdworks/gocover-cobertura/pkg/cobertura/cobertura.go:199.35,201.3 1 1
github.com/blackbirdworks/gocover-cobertura/pkg/cobertura/cobertura.go:203.2,203.17 1 1
github.com/blackbirdworks/gocover-cobertura/pkg/cobertura/cobertura.go:207.47,209.35 2 1
github.com/blackbirdworks/gocover-cobertura/pkg/cobertura/cobertura.go:209.35,211.3 1 1
github.com/blackbirdworks/gocover-cobertura/pkg/cobertura/cobertura.go:213.2,213.25 1 1
github.com/blackbirdworks/gocover-cobertura/pkg/cobertura/gocover_cobertura.go:28.65,30.39 2 1
github.com/blackbirdworks/gocover-cobertura/pkg/cobertura/gocover_cobertura.go:30.39,32.3 1 1
github.com/blackbirdworks/gocover-cobertura/pkg/cobertura/gocover_cobertura.go:34.2,36.16 3 1
github.com/blackbirdworks/gocover-cobertura/pkg/cobertura/gocover_cobertura.go:36.16,38.3 1 1
github.com/blackbirdworks/gocover-cobertura/pkg/cobertura/gocover_cobertura.go:40.2,40.58 1 1
github.com/blackbirdworks/gocover-cobertura/pkg/cobertura/gocover_cobertura.go:40.58,42.3 1 1
github.com/blackbirdworks/gocover-cobertura/pkg/cobertura/gocover_cobertura.go:44.2,44.63 1 1
github.com/blackbirdworks/gocover-cobertura/pkg/cobertura/gocover_cobertura.go:44.63,46.3 1 1
github.com/blackbirdworks/gocover-cobertura/pkg/cobertura/gocover_cobertura.go:48.2,50.48 3 1
github.com/blackbirdworks/gocover-cobertura/pkg/cobertura/gocover_cobertura.go:50.48,52.3 1 1
github.com/blackbirdworks/gocover-cobertura/pkg/cobertura/gocover_cobertura.go:54.2,54.47 1 1
github.com/blackbirdworks/gocover-cobertura/pkg/cobertura/gocover_cobertura.go:54.47,56.3 1 1
github.com/blackbirdworks/gocover-cobertura/pkg/cobertura/gocover_cobertura.go:58.2,58.38 1 1
github.com/blackbirdworks/gocover-cobertura/pkg/cobertura/gocover_cobertura.go:58.38,60.3 1 1
github.com/blackbirdworks/gocover-cobertura/pkg/cobertura/gocover_cobertura.go:62.2,62.12 1 1
github.com/blackbirdworks/gocover-cobertura/pkg/cobertura/gocover_cobertura.go:72.46,76.2 1 1
github.com/blackbirdworks/gocover-cobertura/pkg/cobertura/gocover_cobertura.go:78.82,83.13 4 1
github.com/blackbirdworks/gocover-cobertura/pkg/cobertura/gocover_cobertura.go:83.13,86.3 2 1
github.com/blackbirdworks/gocover-cobertura/pkg/cobertura/gocover_cobertura.go:88.2,88.32 1 1
github.com/blackbirdworks/gocover-cobertura/pkg/cobertura/gocover_cobertura.go:88.32,90.3 1 1
github.com/blackbirdworks/gocover-cobertura/pkg/cobertura/gocover_cobertura.go:91.2,91.30 1 1
github.com/blackbirdworks/gocover-cobertura/pkg/cobertura/gocover_cobertura.go:94.48,99.2 3 1
github.com/blackbirdworks/gocover-cobertura/pkg/cobertura/gocover_cobertura.go:101.50,106.33 4 1
github.com/blackbirdworks/gocover-cobertura/pkg/cobertura/gocover_cobertura.go:106.33,108.3 1 1
github.com/blackbirdworks/gocover-cobertura/pkg/cobertura/gocover_cobertura.go:110.2,110.13 1 1
github.com/blackbirdworks/gocover-cobertura/pkg/cobertura/gocover_cobertura.go:113.42,117.22 3 1
github.com/blackbirdworks/gocover-cobertura/pkg/cobertura/gocover_cobertura.go:117.22,119.3 1 1
github.com/blackbirdworks/gocover-cobertura/pkg/cobertura/gocover_cobertura.go:121.2,121.31 1 1
github.com/blackbirdworks/gocover-cobertura/pkg/cobertura/gocover_cobertura.go:130.40,132.27 2 1
github.com/blackbirdworks/gocover-cobertura/pkg/cobertura/gocover_cobertura.go:132.27,134.3 1 1
github.com/blackbirdworks/gocover-cobertura/pkg/cobertura/gocover_cobertura.go:136.2,136.28 1 1
github.com/blackbirdworks/gocover-cobertura/pkg/cobertura/gocover_cobertura.go:140.57,142.16 2 1
github.com/blackbirdworks/gocover-cobertura/pkg/cobertura/gocover_cobertura.go:142.16,144.3 1 1
github.com/blackbirdworks/gocover-cobertura/pkg/cobertura/gocover_cobertura.go:146.2,148.30 3 1
github.com/blackbirdworks/gocover-cobertura/pkg/cobertura/gocover_cobertura.go:148.30,150.3 1 1
github.com/blackbirdworks/gocover-cobertura/pkg/cobertura/gocover_cobertura.go:152.2,157.24 2 1
github.com/blackbirdworks/gocover-cobertura/pkg/cobertura/gocover_cobertura.go:157.24,163.3 4 1
github.com/blackbirdworks/gocover-cobertura/pkg/cobertura/gocover_cobertura.go:165.2,171.35 5 1
github.com/blackbirdworks/gocover-cobertura/pkg/cobertura/gocover_cobertura.go:171.35,173.3 1 1
github.com/blackbirdworks/gocover-cobertura/pkg/cobertura/gocover_cobertura.go:174.2,176.23 2 1
github.com/blackbirdworks/gocover-cobertura/pkg/cobertura/gocover_cobertura.go:176.23,179.13 2 1
github.com/blackbirdworks/gocover-cobertura/pkg/cobertura/gocover_cobertura.go:179.13,181.29 2 1
github.com/blackbirdworks/gocover-cobertura/pkg/cobertura/gocover_cobertura.go:181.29,183.23 2 1
github.com/blackbirdworks/gocover-cobertura/pkg/cobertura/gocover_cobertura.go:183.23,186.14 2 1
github.com/blackbirdworks/gocover-cobertura/pkg/cobertura/gocover_cobertura.go:188.5,188.39 1 1
github.com/blackbirdworks/gocover-cobertura/pkg/cobertura/gocover_cobertura.go:192.2,194.48 2 1
github.com/blackbirdworks/gocover-cobertura/pkg/cobertura/gocover_cobertura.go:194.48,196.3 1 1
github.com/blackbirdworks/gocover-cobertura/pkg/cobertura/gocover_cobertura.go:198.2,200.56 2 1
github.com/blackbirdworks/gocover-cobertura/pkg/cobertura/gocover_cobertura.go:200.56,202.3 1 0
github.com/blackbirdworks/gocover-cobertura/pkg/cobertura/gocover_cobertura.go:203.2,203.35 1 1
github.com/blackbirdworks/gocover-cobertura/pkg/cobertura/gocover_cobertura.go:203.35,204.54 1 1
github.com/blackbirdworks/gocover-cobertura/pkg/cobertura/gocover_cobertura.go:204.54,206.4 1 1
github.com/blackbirdworks/gocover-cobertura/pkg/cobertura/gocover_cobertura.go:209.2,213.17 4 1
github.com/blackbirdworks/gocover-cobertura/pkg/cobertura/gocover_cobertura.go:216.88,219.16 3 1
github.com/blackbirdworks/gocover-cobertura/pkg/cobertura/gocover_cobertura.go:219.16,221.3 1 1
github.com/blackbirdworks/gocover-cobertura/pkg/cobertura/gocover_cobertura.go:223.2,224.19 2 1
github.com/blackbirdworks/gocover-cobertura/pkg/cobertura/gocover_cobertura.go:224.19,226.17 2 1
github.com/blackbirdworks/gocover-cobertura/pkg/cobertura/gocover_cobertura.go:226.17,228.4 1 0
github.com/blackbirdworks/gocover-cobertura/pkg/cobertura/gocover_cobertura.go:229.8,231.3 1 1
github.com/blackbirdworks/gocover-cobertura/pkg/cobertura/gocover_cobertura.go:233.2,233.16 1 1
github.com/blackbirdworks/gocover-cobertura/pkg/cobertura/gocover_cobertura.go:233.16,235.3 1 1
github.com/blackbirdworks/gocover-cobertura/pkg/cobertura/gocover_cobertura.go:237.2,239.16 3 1
github.com/blackbirdworks/gocover-cobertura/pkg/cobertura/gocover_cobertura.go:239.16,241.3 1 1
github.com/blackbirdworks/gocover-cobertura/pkg/cobertura/gocover_cobertura.go:243.2,255.38 5 1
github.com/blackbirdworks/gocover-cobertura/pkg/cobertura/gocover_cobertura.go:266.56,267.39 1 1
github.com/blackbirdworks/gocover-cobertura/pkg/cobertura/gocover_cobertura.go:267.39,274.3 6 1
github.com/blackbirdworks/gocover-cobertura/pkg/cobertura/gocover_cobertura.go:276.2,276.10 1 1
github.com/blackbirdworks/gocover-cobertura/pkg/cobertura/gocover_cobertura.go:279.55,290.37 9 1
github.com/blackbirdworks/gocover-cobertura/pkg/cobertura/gocover_cobertura.go:290.37,291.80 1 1
github.com/blackbirdworks/gocover-cobertura/pkg/cobertura/gocover_cobertura.go:291.80,293.9 1 1
github.com/blackbirdworks/gocover-cobertura/pkg/cobertura/gocover_cobertura.go:295.3,295.80 1 1
github.com/blackbirdworks/gocover-cobertura/pkg/cobertura/gocover_cobertura.go:295.80,297.12 1 1
github.com/blackbirdworks/gocover-cobertura/pkg/cobertura/gocover_cobertura.go:299.3,299.45 1 1
github.com/blackbirdworks/gocover-cobertura/pkg/cobertura/gocover_cobertura.go:299.45,301.4 1 1
github.com/blackbirdworks/gocover-cobertura/pkg/cobertura/gocover_cobertura.go:304.2,304.15 1 1
github.com/blackbirdworks/gocover-cobertura/pkg/cobertura/gocover_cobertura.go:307.53,310.18 3 1
github.com/blackbirdworks/gocover-cobertura/pkg/cobertura/gocover_cobertura.go:310.18,313.3 2 1
github.com/blackbirdworks/gocover-cobertura/pkg/cobertura/gocover_cobertura.go:315.2,315.14 1 1
github.com/blackbirdworks/gocover-cobertura/pkg/cobertura/gocover_cobertura.go:318.56,319.19 1 1
github.com/blackbirdworks/gocover-cobertura/pkg/cobertura/gocover_cobertura.go:319.19,321.3 1 1
github.com/blackbirdworks/gocover-cobertura/pkg/cobertura/gocover_cobertura.go:322.2,327.55 5 1
github.com/blackbirdworks/gocover-cobertura/pkg/cobertura/options.go:15.32,16.26 1 1
github.com/blackbirdworks/gocover-cobertura/pkg/cobertura/options.go:16.26,18.3 1 1
github.com/blackbirdworks/gocover-cobertura/pkg/cobertura/profile.go:48.54,53.15 4 1
github.com/blackbirdworks/gocover-cobertura/pkg/cobertura/profile.go:53.15,56.33 3 1
github.com/blackbirdworks/gocover-cobertura/pkg/cobertura/profile.go:56.33,58.18 2 1
github.com/blackbirdworks/gocover-cobertura/pkg/cobertura/profile.go:58.18,60.5 1 1
github.com/blackbirdworks/gocover-cobertura/pkg/cobertura/profile.go:62.4,62.12 1 1
github.com/blackbirdworks/gocover-cobertura/pkg/cobertura/profile.go:65.3,65.17 1 1
github.com/blackbirdworks/gocover-cobertura/pkg/cobertura/profile.go:65.17,67.4 1 1
github.com/blackbirdworks/gocover-cobertura/pkg/cobertura/profile.go:69.3,70.61 2 1
github.com/blackbirdworks/gocover-cobertura/pkg/cobertura/profile.go:70.61,73.4 1 1
github.com/blackbirdworks/gocover-cobertura/pkg/cobertura/profile.go:75.3,76.18 2 1
github.com/blackbirdworks/gocover-cobertura/pkg/cobertura/profile.go:76.18,82.4 2 1
github.com/blackbirdworks/gocover-cobertura/pkg/cobertura/profile.go:84.3,90.73 7 1
github.com/blackbirdworks/gocover-cobertura/pkg/cobertura/profile.go:90.73,92.4 1 1
github.com/blackbirdworks/gocover-cobertura/pkg/cobertura/profile.go:94.3,101.5 1 1
github.com/blackbirdworks/gocover-cobertura/pkg/cobertura/profile.go:104.2,104.32 1 1
github.com/blackbirdworks/gocover-cobertura/pkg/cobertura/profile.go:104.32,106.3 1 1
github.com/blackbirdworks/gocover-cobertura/pkg/cobertura/profile.go:108.2,108.26 1 1
github.com/blackbirdworks/gocover-cobertura/pkg/cobertura/profile.go:108.26,109.57 1 1
github.com/blackbirdworks/gocover-cobertura/pkg/cobertura/profile.go:109.57,110.58 1 1
github.com/blackbirdworks/gocover-cobertura/pkg/cobertura/profile.go:110.58,112.5 1 1
github.com/blackbirdworks/gocover-cobertura/pkg/cobertura/profile.go:114.4,114.46 1 1
github.com/blackbirdworks/gocover-cobertura/pkg/cobertura/profile.go:118.2,119.32 2 1
github.com/blackbirdworks/gocover-cobertura/pkg/cobertura/profile.go:119.32,121.3 1 1
github.com/blackbirdworks/gocover-cobertura/pkg/cobertura/profile.go:123.2,123.52 1 1
github.com/blackbirdworks/gocover-cobertura/pkg/cobertura/profile.go:123.52,125.3 1 1
github.com/blackbirdworks/gocover-cobertura/pkg/cobertura/profile.go:127.2,127.22 1 1
github.com/blackbirdworks/gocover-cobertura/pkg/cobertura/profile.go:144.57,150.24 3 1
github.com/blackbirdworks/gocover-cobertura/pkg/cobertura/profile.go:150.24,152.3 1 0
github.com/blackbirdworks/gocover-cobertura/pkg/cobertura/profile.go:153.2,156.30 3 1
github.com/blackbirdworks/gocover-cobertura/pkg/cobertura/profile.go:156.30,158.3 1 0
github.com/blackbirdworks/gocover-cobertura/pkg/cobertura/profile.go:159.2,166.24 4 1
github.com/blackbirdworks/gocover-cobertura/pkg/cobertura/profile.go:166.24,168.3 1 1
github.com/blackbirdworks/gocover-cobertura/pkg/cobertura/profile.go:169.2,175.15 4 1
github.com/blackbirdworks/gocover-cobertura/pkg/cobertura/profile.go:175.15,177.3 1 0
github.com/blackbirdworks/gocover-cobertura/pkg/cobertura/profile.go:180.2,182.18 3 1
github.com/blackbirdworks/gocover-cobertura/pkg/cobertura/profile.go:182.18,184.3 1 0
github.com/blackbirdworks/gocover-cobertura/pkg/cobertura/profile.go:187.2,189.16 3 1
github.com/blackbirdworks/gocover-cobertura/pkg/cobertura/profile.go:189.16,191.3 1 0
github.com/blackbirdworks/gocover-cobertura/pkg/cobertura/profile.go:193.2,193.12 1 1
github.com/blackbirdworks/gocover-cobertura/pkg/cobertura/profile.go:207.53,210.29 3 1
github.com/blackbirdworks/gocover-cobertura/pkg/cobertura/profile.go:210.29,211.25 1 1
github.com/blackbirdworks/gocover-cobertura/pkg/cobertura/profile.go:211.25,213.4 1 1
github.com/blackbirdworks/gocover-cobertura/pkg/cobertura/profile.go:215.2,218.59 3 1
github.com/blackbirdworks/gocover-cobertura/pkg/cobertura/profile.go:218.59,220.47 2 1
github.com/blackbirdworks/gocover-cobertura/pkg/cobertura/profile.go:220.47,222.4 1 1
github.com/blackbirdworks/gocover-cobertura/pkg/cobertura/profile.go:223.3,223.43 1 1
github.com/blackbirdworks/gocover-cobertura/pkg/cobertura/profile.go:223.43,227.12 3 1
github.com/blackbirdworks/gocover-cobertura/pkg/cobertura/profile.go:229.3,229.22 1 1
github.com/blackbirdworks/gocover-cobertura/pkg/cobertura/profile.go:229.22,232.4 2 1
github.com/blackbirdworks/gocover-cobertura/pkg/cobertura/profile.go:233.3,234.7 2 1
github.com/blackbirdworks/gocover-cobertura/pkg/cobertura/profile.go:237.2,239.19 2 1
github.com/blackbirdworks/gocover-cobertura/pkg/cobertura/profile.go:242.96,244.26 2 1
github.com/blackbirdworks/gocover-cobertura/pkg/cobertura/profile.go:244.26,246.3 1 1
github.com/blackbirdworks/gocover-cobertura/pkg/cobertura/profile.go:247.2,247.19 1 1
github.com/blackbirdworks/gocover-cobertura/pkg/cobertura/profile.go:247.19,251.3 2 1
github.com/blackbirdworks/gocover-cobertura/pkg/cobertura/profile.go:252.2,252.15 1 1
github.com/blackbirdworks/gocover-cobertura/pkg/cobertura/profile.go:252.15,254.3 1 1
github.com/blackbirdworks/gocover-cobertura/pkg/cobertura/profile.go:256.2,256.10 1 1
github.com/blackbirdworks/gocover-cobertura/pkg/cobertura/profile.go:259.43,260.50 1 1
github.com/blackbirdworks/gocover-cobertura/pkg/cobertura/profile.go:260.50,262.3 1 1
github.com/blackbirdworks/gocover-cobertura/pkg/cobertura/profile.go:263.2,263.25 1 1
github.com/blackbirdworks/gocover-cobertura/pkg/cobertura/profile.go:263.25,265.3 1 1
github.com/blackbirdworks/gocover-cobertura/pkg/cobertura/profile.go:266.2,266.25 1 1
github.com/blackbirdworks/gocover-cobertura/pkg/cobertura/profile.go:266.25,268.3 1 1
github.com/blackbirdworks/gocover-cobertura/pkg/cobertura/profile.go:270.2,270.10 1 1
github.com/blackbirdworks/gocover-cobertura/pkg/cobertura/profile.go:274.56,277.19 2 1
github.com/blackbirdworks/gocover-cobertura/pkg/cobertura/profile.go:277.19,280.55 3 1
github.com/blackbirdworks/gocover-cobertura/pkg/cobertura/profile.go:280.55,282.4 1 1
github.com/blackbirdworks/gocover-cobertura/pkg/cobertura/profile.go:283.8,284.42 1 1
github.com/blackbirdworks/gocover-cobertura/pkg/cobertura/profile.go:284.42,286.4 1 1
github.com/blackbirdworks/gocover-cobertura/pkg/cobertura/profile.go:289.2,291.16 3 1
github.com/blackbirdworks/gocover-cobertura/pkg/cobertura/profile.go:291.16,293.3 1 1
github.com/blackbirdworks/gocover-cobertura/pkg/cobertura/profile.go:295.2,295.42 1 1
github.com/blackbirdworks/gocover-cobertura/internal/testfixtures/testfixtures.go:17.42,22.86 3 0
github.com/blackbirdworks/gocover-cobertura/internal/testfixtures/testfixtures.go:22.86,23.17 1 0
github.com/blackbirdworks/gocover-cobertura/internal/testfixtures/testfixtures.go:23.17,25.4 1 0
github.com/blackbirdworks/gocover-cobertura/internal/testfixtures/testfixtures.go:27.3,29.16 2 0
github.com/blackbirdworks/gocover-cobertura/internal/testfixtures/testfixtures.go:29.16,31.4 1 0
github.com/blackbirdworks/gocover-cobertura/internal/testfixtures/testfixtures.go:33.3,34.17 2 0
github.com/blackbirdworks/gocover-cobertura/internal/testfixtures/testfixtures.go:34.17,36.4 1 0
github.com/blackbirdworks/gocover-cobertura/internal/testfixtures/testfixtures.go:38.3,38.44 1 0
github.com/blackbirdworks/gocover-cobertura/internal/testfixtures/testfixtures.go:41.2,41.16 1 0
github.com/blackbirdworks/gocover-cobertura/internal/testfixtures/testfixtures.go:41.16,43.3 1 0
github.com/blackbirdworks/gocover-cobertura/internal/testfixtures/testfixtures.go:45.2,45.16 1 0
